// Jest Snapshot v1, https://goo.gl/fbAQLP

exports[`Navbar Option tests Navbar Option snapshot renders correctly 1`] = `
<div
  className="sc-guDMob bTtonf"
>
  <a
    aria-label="About"
    className="sc-beyTiQ csJOCc"
    href="/about"
    onClick={[Function]}
  >
    About
  </a>
</div>
`;
